d625b93 (HEAD -> main, origin/main, origin/HEAD) Merge branch 'main' of https://github.com/buddaforkatrin/qa_auto_1.2.4
8f4fff2 1.2.4 gitlog file added
57271ac added third md
f9c5550 added second md
37b9c98 added first md
26b2d85 Update your-task-here.md
93e058d Update your-task-here.md
685ce8d Update README.md
047c466 Update your-task-here.md
c2930aa Update your-task-here.md
05f3594 rename task file
b85e79d add a task for students
d2fa1c4 Create README.md
evaniukhina@MacBook-Air qa_auto_1.2.4 % git reset 57271ac 
evaniukhina@MacBook-Air qa_auto_1.2.4 % git log --oneline
57271ac (HEAD -> main) added third md
f9c5550 added second md
37b9c98 added first md
26b2d85 Update your-task-here.md
93e058d Update your-task-here.md
685ce8d Update README.md
047c466 Update your-task-here.md
c2930aa Update your-task-here.md
05f3594 rename task file
b85e79d add a task for students
d2fa1c4 Create README.md
evaniukhina@MacBook-Air qa_auto_1.2.4 % git reset --soft f9c5550 
evaniukhina@MacBook-Air qa_auto_1.2.4 % git log --oneline        
f9c5550 (HEAD -> main) added second md
37b9c98 added first md
26b2d85 Update your-task-here.md
93e058d Update your-task-here.md
685ce8d Update README.md
047c466 Update your-task-here.md
c2930aa Update your-task-here.md
05f3594 rename task file
b85e79d add a task for students
d2fa1c4 Create README.md
evaniukhina@MacBook-Air qa_auto_1.2.4 % git reset --hard 37b9c98      
HEAD is now at 37b9c98 added first md
evaniukhina@MacBook-Air qa_auto_1.2.4 % git log --oneline       
37b9c98 (HEAD -> main) added first md
26b2d85 Update your-task-here.md
93e058d Update your-task-here.md
685ce8d Update README.md
047c466 Update your-task-here.md
c2930aa Update your-task-here.md
05f3594 rename task file
b85e79d add a task for students
d2fa1c4 Create README.md
evaniukhina@MacBook-Air qa_auto_1.2.4 % git reset --mixed 26b2d85
evaniukhina@MacBook-Air qa_auto_1.2.4 % git log --oneline        
26b2d85 (HEAD -> main) Update your-task-here.md
93e058d Update your-task-here.md
685ce8d Update README.md
047c466 Update your-task-here.md
c2930aa Update your-task-here.md
05f3594 rename task file
b85e79d add a task for students
d2fa1c4 Create README.md

